  State: 0 -> ok
->new_game(easy)
  State: 1 -> ok
  +-*-+---+---+---+---+---+---+
  | X                         |
  +   +   +   +---+---+   +   +
  |       |   |       |       |
  +   +---+   +---+   +---+   +
  |   |                   |   |
  +   +   +   +   +---+   +   +
  |   |       |   |       |   |
  +   +   +---+   +   +   +   +
  |       |   |   |           |
  +---+   +   +   +---+   +---+
  |   |   |       |       |   |
  +   +   +   +   +---+   +   +
  |       |                   |
  +---+---+---+---+---+---+- -+

  Game Number: 1
  Score: 0 / 1

->solve
  State: 2 -> ok
  +-*-+---+---+---+---+---+---+
  | X   o   o                 |
  +   +   +   +---+---+   +   +
  |       | o |       |       |
  +   +---+   +---+   +---+   +
  |   |     o   o   o   o |   |
  +   +   +   +   +---+   +   +
  |   |       |   |     o |   |
  +   +   +---+   +   +   +   +
  |       |   |   |     o     |
  +---+   +   +   +---+   +---+
  |   |   |       |     o |   |
  +   +   +   +   +---+   +   +
  |       |             o   o |
  +---+---+---+---+---+---+- -+

  Since you used the solution, no points are awarded.
  Game Number: 1
  Score: 0 / 1

->new_game(medium)
  State: 3 -> Error! In game already.
  Since you used the solution, no points are awarded.
  Game Number: 1
  Score: 0 / 1

->solve
  State: 4 -> ok
  +-*-+---+---+---+---+---+---+
  | X   o   o                 |
  +   +   +   +---+---+   +   +
  |       | o |       |       |
  +   +---+   +---+   +---+   +
  |   |     o   o   o   o |   |
  +   +   +   +   +---+   +   +
  |   |       |   |     o |   |
  +   +   +---+   +   +   +   +
  |       |   |   |     o     |
  +---+   +   +   +---+   +---+
  |   |   |       |     o |   |
  +   +   +   +   +---+   +   +
  |       |             o   o |
  +---+---+---+---+---+---+- -+

  Since you used the solution, no points are awarded.
  Game Number: 1
  Score: 0 / 1

->new_game(hard)
  State: 5 -> Error! In game already.
  Since you used the solution, no points are awarded.
  Game Number: 1
  Score: 0 / 1

