  State: 0 -> ok
->new_game(hard)
  State: 1 -> ok
  +-*-+---+---+---+---+---+---+---+---+---+---+---+---+---+---+
  | X                     |               |       |           |
  +---+   +---+---+---+   +---+---+   +   +---+   +---+---+   +
  |                   |       |       |           |   |       |
  +---+   +   +---+   +   +   +   +   +---+   +   +   +---+   +
  |   |   |           |   |           |       |           |   |
  +   +---+   +---+   +   +---+   +---+   +---+   +---+   +---+
  |               |       |       |   |   |   |   |   |   |   |
  +   +   +   +   +   +   +   +   +   +---+   +---+   +   +   +
  |       |   |   |   |       |       |   |                   |
  +   +---+---+---+---+---+---+   +---+   +   +   +   +   +   +
  |                       |           |       |   |       |   |
  +---+---+   +   +---+   +---+---+   +---+   +   +   +   +---+
  |               |               |           |       |       |
  +---+   +   +---+---+   +---+---+---+---+   +---+---+   +---+
  |       |   |   |   |               |                   |   |
  +---+---+   +   +   +   +   +---+   +---+   +   +   +---+   +
  |       |                                   |   |   |   |   |
  +   +---+---+   +---+---+---+---+   +   +   +   +   +   +   +
  |       |   |   |       |   |       |       |               |
  +---+   +   +   +---+   +   +   +---+   +   +   +---+   +---+
  |                       |       |                           |
  +---+---+   +---+   +   +---+---+   +   +   +---+   +   +   +
  |   |   |   |               |   |   |       |       |   |   |
  +   +   +---+---+---+---+   +   +---+   +   +   +   +---+   +
  |           |   |   |                           |   |       |
  +---+   +   +   +   +   +   +---+   +---+   +   +   +---+   +
  |       |           |       |           |   |       |       |
  +   +---+   +   +   +   +---+---+---+   +---+   +   +   +   +
  |           |                   |           |   |   |       |
  +---+---+---+---+---+---+---+---+---+---+---+---+---+---+- -+

  Game Number: 1
  Score: 0 / 3

->abort
  State: 2 -> ok
->new_game(medium)
  State: 3 -> ok
  +-*-+---+---+---+---+---+---+---+---+---+---+
  | X         |   |                           |
  +   +   +   +   +   +---+   +   +---+---+---+
  |   |   |                               |   |
  +   +---+---+   +---+---+---+---+   +   +   +
  |   |   |       |       |   |   |   |   |   |
  +---+   +   +---+---+   +   +   +---+---+   +
  |   |                                   |   |
  +   +---+   +---+---+---+   +---+   +   +   +
  |           |       |       |   |       |   |
  +   +   +---+---+   +---+   +   +---+   +   +
  |           |           |                   |
  +   +   +---+   +---+   +---+   +---+---+   +
  |           |       |   |   |   |           |
  +---+   +   +---+   +   +   +---+---+---+   +
  |       |       |           |   |       |   |
  +   +   +   +---+   +   +---+   +---+   +   +
  |   |   |   |       |   |   |       |       |
  +   +   +   +   +   +   +   +   +   +   +   +
  |               |               |       |   |
  +---+   +   +   +---+   +   +---+---+   +   +
  |                   |       |               |
  +---+---+---+---+---+---+---+---+---+---+- -+

  Game Number: 2
  Score: 0 / 5

->abort
  State: 4 -> ok
->new_game(easy)
  State: 5 -> ok
  +-*-+---+---+---+---+---+---+
  | X         |       |       |
  +   +---+   +   +   +---+   +
  |               |   |       |
  +   +---+   +---+   +---+   +
  |   |                   |   |
  +---+   +---+---+   +---+   +
  |   |       |   |   |       |
  +   +   +   +   +   +   +   +
  |           |               |
  +   +---+   +---+   +   +   +
  |   |       |   |   |       |
  +---+   +---+   +   +   +---+
  |                           |
  +---+---+---+---+---+---+- -+

  Game Number: 3
  Score: 0 / 6

->abort
  State: 6 -> ok
