Syntax Error: specification of command executions cannot be parsed
Unknown identifier oninlife (Line 5, Column 6)
